// Jest Snapshot v1, https://goo.gl/fbAQLP

exports[`should render Temperature correctly 1`] = `
<TemperatureTableRow
  imperialInput={
    Object {
      "onChange": [MockFunction],
      "value": "",
    }
  }
  imperialLabel="F"
  metricInput={
    Object {
      "onChange": [MockFunction],
      "value": "",
    }
  }
  metricLabel="C"
/>
`;
