// Jest Snapshot v1, https://goo.gl/fbAQLP

exports[`should render TableRow correctly 1`] = `
<tr>
  <th />
  <td>
    <Input
      type="text"
    />
  </td>
  <td>
    <Input
      type="text"
    />
  </td>
  <th />
</tr>
`;
