// Jest Snapshot v1, https://goo.gl/fbAQLP

exports[`should render AmountInput correctly 1`] = `
<Input
  onChange={[Function]}
  type="text"
  value=""
/>
`;
